// Vitest Snapshot v1, https://vitest.dev/guide/snapshot.html

exports[`generates a person 1`] = `
{
  "address": {
    "city": "43K>5SG250E",
    "state": "kbszkSZm^3Kg<CPyfa4z1HikF",
    "street": "oQes]5YUwRzbITAPk",
  },
  "birthday": 1980-09-26T06:12:45.305Z,
  "name": "8zGj;1humNI>G?8p6;ej\\\\T4jS3",
  "pets": [
    {
      "breed": "RIEgfwDI7]yK6RE581:h]QM^P",
      "name": "wgIuUNfJKl;i4\`\`l3\`A",
    },
    {
      "breed": "iVI2P\\\\",
      "name": "YOMKN<ukgnGg1qp\`CdV>",
    },
    {
      "breed": "fotFqP",
      "name": "8Z?ap[eGC",
    },
  ],
  "totalVisits": 5544703130861567,
}
`;
